// Jest Snapshot v1, https://goo.gl/fbAQLP

exports[`render() should render component correctly 1`] = `
<div>
  <DateInput
    buttonPlacement="buttonsOutside"
    className="dateInput"
    dateFormat="D M YYYY"
    dateValue={2019-01-10T10:30:00.000Z}
    dayDoubleClickStepCount={7}
    daySingleClickStepCount={1}
    doubleClickDelayInMillis={250}
    focusColor="#85b7d9"
    monthDoubleClickStepCount={3}
    monthSingleClickStepCount={1}
    onDateValueChange={[MockFunction]}
    showTooltipDelayInMillis={500}
    showTooltips={true}
    size="small"
    valueType="start"
    yearDoubleClickStepCount={5}
    yearSingleClickStepCount={1}
  />
  <TimeInput
    buttonPlacement="buttonsOutside"
    className="timeInput"
    dateValue={2019-01-10T10:30:00.000Z}
    doubleClickDelayInMillis={250}
    focusColor="#85b7d9"
    hourDoubleClickStepCount={4}
    hourSingleClickStepCount={1}
    minuteDoubleClickStepCount={5}
    minuteSingleClickStepCount={1}
    onDateValueChange={[MockFunction]}
    showTooltipDelayInMillis={500}
    showTooltips={true}
    size="small"
    valueType="start"
  />
</div>
`;
